MPLINK 4.38, Linker
Linker Map File - Created Fri Sep 07 08:48:06 2018

                                 Section Info
                  Section       Type    Address   Location Size(Bytes)
                ---------  ---------  ---------  ---------  ---------
                   .org_0       code   0x000000    program   0x000072
                   .cinit    romdata   0x000039    program   0x000004
    .config_2007_SOURCE.O       code   0x002007    program   0x000002



                              Program Memory Usage 
                               Start         End      
                           ---------   ---------      
                            0x000000    0x00003a      
                            0x002007    0x002007      
            60 out of 1094 program addresses used, program memory utilization is 5%



                              Symbols - Sorted by Name
                     Name    Address   Location    Storage File                     
                ---------  ---------  ---------  --------- ---------                
                    BEGIN   0x000017    program     static C:\Users\Akinkunmi\Documents\School-Code\Microcontrollers\chasing-lights\source.asm
                    LOOPA   0x000002    program     static C:\Users\Akinkunmi\Documents\School-Code\Microcontrollers\chasing-lights\source.asm
                    LOOPB   0x000008    program     static C:\Users\Akinkunmi\Documents\School-Code\Microcontrollers\chasing-lights\source.asm
                    START   0x00000d    program     static C:\Users\Akinkunmi\Documents\School-Code\Microcontrollers\chasing-lights\source.asm
                   delay1   0x000001    program     static C:\Users\Akinkunmi\Documents\School-Code\Microcontrollers\chasing-lights\source.asm
                   delay2   0x000007    program     static C:\Users\Akinkunmi\Documents\School-Code\Microcontrollers\chasing-lights\source.asm



                              Symbols - Sorted by Address
                     Name    Address   Location    Storage File                     
                ---------  ---------  ---------  --------- ---------                
                   delay1   0x000001    program     static C:\Users\Akinkunmi\Documents\School-Code\Microcontrollers\chasing-lights\source.asm
                    LOOPA   0x000002    program     static C:\Users\Akinkunmi\Documents\School-Code\Microcontrollers\chasing-lights\source.asm
                   delay2   0x000007    program     static C:\Users\Akinkunmi\Documents\School-Code\Microcontrollers\chasing-lights\source.asm
                    LOOPB   0x000008    program     static C:\Users\Akinkunmi\Documents\School-Code\Microcontrollers\chasing-lights\source.asm
                    START   0x00000d    program     static C:\Users\Akinkunmi\Documents\School-Code\Microcontrollers\chasing-lights\source.asm
                    BEGIN   0x000017    program     static C:\Users\Akinkunmi\Documents\School-Code\Microcontrollers\chasing-lights\source.asm


